artifact=eventing-full-plan
path=output/eventing-plan-proof/full-eventing-plan/proof-summary.json
kind=json

command=node scripts/test/network-contract-boundary-proof.mjs
status=0
log=output/network-plan-proof/full-network-plan/command-logs/network-contract-boundary-proof.log

command=node scripts/test/eventing-full-plan-proof.mjs
status=0
log=output/network-plan-proof/full-network-plan/command-logs/eventing-full-plan-proof.log

command=node scripts/test/network-pcap-replay-proof.mjs
status=0
log=output/network-plan-proof/full-network-plan/command-logs/network-pcap-replay-proof.log

command=node scripts/test/network-packet-dns-parser-proof.mjs
status=0
log=output/network-plan-proof/full-network-plan/command-logs/network-packet-dns-parser-proof.log

command=node scripts/test/network-visibility-parser-proof.mjs
status=0
log=output/network-plan-proof/full-network-plan/command-logs/network-visibility-parser-proof.log

command=node scripts/test/network-live-capture-proof-gate.mjs
status=0
log=output/network-plan-proof/full-network-plan/command-logs/network-live-capture-proof-gate.log

command=node scripts/test/network-live-capture-storage-proof.mjs
status=0
log=output/network-plan-proof/full-network-plan/command-logs/network-live-capture-storage-proof.log

command=node scripts/test/network-zeek-analyzer-comparison-proof.mjs
status=0
log=output/network-plan-proof/full-network-plan/command-logs/network-zeek-analyzer-comparison-proof.log

command=node scripts/test/network-signature-alert-ingestion-proof.mjs
status=0
log=output/network-plan-proof/full-network-plan/command-logs/network-signature-alert-ingestion-proof.log

command=node scripts/test/network-ai-detection-fixture-proof.mjs
status=0
log=output/network-plan-proof/full-network-plan/command-logs/network-ai-detection-fixture-proof.log

command=node scripts/test/network-ai-audit-narrative-proof.mjs
status=0
log=output/network-plan-proof/full-network-plan/command-logs/network-ai-audit-narrative-proof.log

command=node scripts/test/network-risk-budget-threshold-proof.mjs
status=0
log=output/network-plan-proof/full-network-plan/command-logs/network-risk-budget-threshold-proof.log

command=node scripts/test/network-evidence-policy-mapping-proof.mjs
status=0
log=output/network-plan-proof/full-network-plan/command-logs/network-evidence-policy-mapping-proof.log

command=node scripts/test/network-policy-preview-stored-flow-evidence-proof.mjs
status=0
log=output/network-plan-proof/full-network-plan/command-logs/network-policy-preview-stored-flow-evidence-proof.log

command=node scripts/test/network-dns-adapter-proof.mjs
status=0
log=output/network-plan-proof/full-network-plan/command-logs/network-dns-adapter-proof.log

command=node scripts/test/network-windows-firewall-adapter-proof.mjs
status=0
log=output/network-plan-proof/full-network-plan/command-logs/network-windows-firewall-adapter-proof.log

command=node scripts/test/network-manual-platform-proof.mjs
status=0
log=output/network-plan-proof/full-network-plan/command-logs/network-manual-platform-proof.log

command=node scripts/test/network-platform-claims-proof.mjs
status=0
log=output/network-plan-proof/full-network-plan/command-logs/network-platform-claims-proof.log

command=node scripts/test/network-adapter-capability-status-proof.mjs
status=0
log=output/network-plan-proof/full-network-plan/command-logs/network-adapter-capability-status-proof.log

command=node scripts/test/network-action-result-state-proof.mjs
status=0
log=output/network-plan-proof/full-network-plan/command-logs/network-action-result-state-proof.log

command=node scripts/test/network-remote-delivery-event-chain-journal-proof.mjs
status=0
log=output/network-plan-proof/full-network-plan/command-logs/network-remote-delivery-event-chain-journal-proof.log

command=node scripts/test/network-remote-delivery-receipt-ledger-proof.mjs
status=0
log=output/network-plan-proof/full-network-plan/command-logs/network-remote-delivery-receipt-ledger-proof.log

command=node scripts/test/network-remote-delivery-durable-envelope-proof.mjs
status=0
log=output/network-plan-proof/full-network-plan/command-logs/network-remote-delivery-durable-envelope-proof.log

command=node scripts/test/network-remote-delivery-outbox-handoff-proof.mjs
status=0
log=output/network-plan-proof/full-network-plan/command-logs/network-remote-delivery-outbox-handoff-proof.log

command=node scripts/test/network-remote-delivery-outbox-status-bridge-proof.mjs
status=0
log=output/network-plan-proof/full-network-plan/command-logs/network-remote-delivery-outbox-status-bridge-proof.log

command=node scripts/test/network-remote-delivery-dispatch-readiness-proof.mjs
status=0
log=output/network-plan-proof/full-network-plan/command-logs/network-remote-delivery-dispatch-readiness-proof.log

command=node scripts/test/network-remote-delivery-no-enforcement-invariant-proof.mjs
status=0
log=output/network-plan-proof/full-network-plan/command-logs/network-remote-delivery-no-enforcement-invariant-proof.log

command=node scripts/test/network-remote-delivery-transport-dispatch-state-proof.mjs
status=0
log=output/network-plan-proof/full-network-plan/command-logs/network-remote-delivery-transport-dispatch-state-proof.log

command=node scripts/test/network-remote-delivery-fixture-transport-proof.mjs
status=0
log=output/network-plan-proof/full-network-plan/command-logs/network-remote-delivery-fixture-transport-proof.log

command=node scripts/test/network-remote-delivery-delete-export-propagation-proof.mjs
status=0
log=output/network-plan-proof/full-network-plan/command-logs/network-remote-delivery-delete-export-propagation-proof.log

command=node scripts/test/network-remote-delivery-delete-export-status-bridge-proof.mjs
status=0
log=output/network-plan-proof/full-network-plan/command-logs/network-remote-delivery-delete-export-status-bridge-proof.log

command=node scripts/test/network-parent-ui-evidence-drawer-proof.mjs
status=0
log=output/network-plan-proof/full-network-plan/command-logs/network-parent-ui-evidence-drawer-proof.log

command=node scripts/test/network-portal-risk-performance-platform-proof.mjs
status=0
log=output/network-plan-proof/full-network-plan/command-logs/network-portal-risk-performance-platform-proof.log

command=node scripts/test/network-security-readiness-proof.mjs
status=0
log=output/network-plan-proof/full-network-plan/command-logs/network-security-readiness-proof.log

command=node scripts/test/network-performance-benchmark-proof.mjs
status=0
log=output/network-plan-proof/full-network-plan/command-logs/network-performance-benchmark-proof.log

command=node scripts/test/network-broker-delivery-proof.mjs
status=0
log=output/network-plan-proof/full-network-plan/command-logs/network-broker-delivery-proof.log

command=node scripts/test/network-broker-family-hub-delivery-status-proof.mjs
status=0
log=output/network-plan-proof/full-network-plan/command-logs/network-broker-family-hub-delivery-status-proof.log

command=node scripts/test/network-vpn-proxy-tunnel-classifier-proof.mjs
status=0
log=output/network-plan-proof/full-network-plan/command-logs/network-vpn-proxy-tunnel-classifier-proof.log

command=node scripts/test/network-remote-torrent-download-classifier-proof.mjs
status=0
log=output/network-plan-proof/full-network-plan/command-logs/network-remote-torrent-download-classifier-proof.log

command=node scripts/test/network-end-to-end-pipeline-proof.mjs
status=0
log=output/network-plan-proof/full-network-plan/command-logs/network-end-to-end-pipeline-proof.log

command=cargo clippy -p ocentra-parent-agent-service --all-targets -- -D warnings
status=0
log=output/network-plan-proof/full-network-plan/command-logs/agent-service-clippy.log

command=cargo test -p ocentra-network-evidence
status=0
log=output/network-plan-proof/full-network-plan/command-logs/network-evidence-tests.log

command=cargo test -p ocentra-parent-agent-core network_runtime
status=0
log=output/network-plan-proof/full-network-plan/command-logs/agent-core-network-runtime-tests.log

command=node --check scripts/test/network-adapter-capability-status-proof.mjs
status=0
log=output/network-plan-proof/full-network-plan/command-logs/adapter-proof-script-check.log

command=node scripts/check-no-test-doubles.mjs
status=0
log=output/network-plan-proof/full-network-plan/command-logs/no-test-doubles.log

command=node scripts/check-source-shape.mjs
status=0
log=output/network-plan-proof/full-network-plan/command-logs/source-shape.log

command=git diff --check
status=0
log=output/network-plan-proof/full-network-plan/command-logs/git-diff-check.log
