Source shape warnings scoped to row10f source refs:
crates/agent-protocol/src/constants.rs:1 file has 580 lines; crossed 500-line advisory band; maximum is 1000
crates/agent-protocol/src/constants/field.rs:1 file has 428 lines; crossed 250-line advisory band; maximum is 1000
crates/agent-protocol/src/network_flow.rs:1 file has 384 lines; crossed 250-line advisory band; maximum is 1000
crates/agent-protocol/src/network_flow_tests.rs:1 file has 18 functions; warning starts at 15 of 18
crates/agent-protocol/src/network_flow_tests.rs:1 file has 619 lines; crossed 500-line advisory band; maximum is 1000
crates/agent-protocol/src/network_flow_tests.rs:320 function has 75 lines; warning starts at 64 of 80
crates/agent-protocol/src/transport.rs:1 file has 379 lines; crossed 250-line advisory band; maximum is 1000
crates/agent-service/src/main.rs:1 file has 287 lines; crossed 250-line advisory band; maximum is 1000
crates/agent-service/src/network_remote_delivery_status_payload.rs:1 file has 18 functions; warning starts at 15 of 18
crates/agent-service/src/network_remote_delivery_status_payload.rs:1 file has 436 lines; crossed 250-line advisory band; maximum is 1000
crates/agent-service/src/network_remote_delivery_status_payload.rs:245 function has 77 lines; warning starts at 64 of 80
crates/agent-service/src/network_remote_delivery_status_service_tests.rs:1 file has 15 functions; warning starts at 15 of 18
crates/agent-service/src/network_remote_delivery_status_service_tests.rs:1 file has 415 lines; crossed 250-line advisory band; maximum is 1000
crates/agent-service/src/websocket.rs:1 file has 17 functions; warning starts at 15 of 18
crates/agent-service/src/websocket.rs:1 file has 486 lines; crossed 250-line advisory band; maximum is 1000
crates/agent-service/src/websocket.rs:170 function has 67 lines; warning starts at 64 of 80
packages/agent-protocol-domain/src/contracts.ts:1 file has 589 lines; crossed 500-line advisory band; maximum is 1000
packages/agent-protocol-domain/src/defaults.ts:1 file has 538 lines; crossed 500-line advisory band; maximum is 1000
packages/agent-protocol-domain/src/network-remote-delivery-status.ts:1 file has 326 lines; crossed 250-line advisory band; maximum is 1000
packages/agent-protocol-domain/tests/network-remote-delivery-status.test.ts:1 file has 290 lines; crossed 250-line advisory band; maximum is 1000
Source shape guard passed.
