WP08 TypeScript contract proof

Command:
cmd /c npm run test --workspace @ocentra-parent/activity-domain -- app-game-runtime.test.ts

Result:
PASS

Observed output:
Test Files  1 passed (1)
Tests       5 passed (5)

Broader focused app-game contract suite:
cmd /c npm run test --workspace @ocentra-parent/activity-domain -- app-game.test.ts app-game-evidence-claim.test.ts app-game-identity.test.ts app-game-inventory.test.ts app-game-runtime.test.ts

Result:
PASS

Observed output:
Test Files  5 passed (5)
Tests       27 passed (27)

Covered behavior:
- running process evidence accepts process id, parent process id, executable
  path ref, publisher signature ref, file hash ref, observed/start timestamps,
  running state, and evidence refs;
- launcher process runtime evidence stays `knownLauncher` and does not become
  a known game;
- permission-limited runtime evidence preserves null metadata refs and explicit
  permission-limited capability/catalog/runtime states;
- process-exit runtime evidence must use `notRunning` and include `exitedAt`;
- runtime evidence with `foregroundState = foreground` is rejected.

No-claim result:
The TypeScript runtime contract rejects runtime evidence that claims foreground.
