WP08 security and no-claim negative proof

Covered by TypeScript contract tests:
- Runtime evidence rejects `foregroundState = foreground`.
- Process-exit evidence must close with `runtimeState = notRunning` and
  `exitedAt`.
- Launcher runtime evidence stays `knownLauncher`.
- Permission-limited runtime evidence keeps metadata refs null and explicit.

Covered by Rust parser tests:
- Unknown process remains `unknownProcess` with confidence `0.0` when no
  deterministic runtime refs exist, even if a record attempts to provide a
  stronger classification.
- Launcher process remains launcher/runtime-only and does not become known game.
- Permission-limited metadata maps to permission-limited runtime, catalog, and
  capability states.
- Runtime rows and derived session summaries always keep foreground duration at
  `0` and foreground state at `notClaimed`.

No-claim boundaries:
- Inventory is not use: unchanged from WP05-WP07.
- Runtime is not foreground: proved by WP08 contract/parser tests.
- Foreground is not content: WP08 does not create foreground or content fields.
- Launcher is not game: WP08 launcher fixture remains `knownLauncher`.
- AI cannot enforce: unchanged; WP08 does not touch AI digest or enforcement.
- Manual-required cannot execute: unchanged; WP08 executes no adapters.
- Metadata safety: executable paths are represented as refs, not raw private
  paths.
