# Rust Protocol And Core Proof

Protocol fields added to `AppGameSessionSummary`:

- `end_reason`
- `last_foreground_at`
- `last_background_at`
- `observation_gap_ms`

Protocol payload added:

- `AppGameSessionDailyRollup`

Core modules added:

- `app_game_sessionization.rs`
- `app_game_session_rollups.rs`
- `app_game_session_time.rs`

Session end reason constants:

- `processExit`
- `timeoutInferred`
- `deviceShutdown`
- `agentRestart`
- `unknown`

Focused validation already run during implementation:

```text
cargo test -p ocentra-parent-agent-core app_game_session --no-default-features
PASS 8 tests

cargo test -p ocentra-parent-agent-protocol app_game --no-default-features
PASS 9 tests
```

Final validation commands and refreshed results are recorded in
`10-validation-commands.log`.
