Command:
cargo test -p ocentra-parent-agent-protocol app_game_foreground

Result:
PASS app_game_tests::app_game_foreground_evidence_row_serializes_focus_without_content_claim
1 passed; 0 failed.

Command:
cargo test -p ocentra-parent-agent-core app_game_windows_foreground

Result:
PASS 8 tests:
- active_window_creates_foreground_evidence_without_content_claim
- foreground_switch_closes_previous_interval_and_updates_runtime_summary
- background_process_does_not_gain_foreground_time
- foreground_duration_cannot_exceed_running_duration
- title_can_be_omitted_without_content_capture
- permission_limited_foreground_metadata_stays_explicit
- unknown_foreground_process_remains_unknown_without_deterministic_refs
- launcher_focus_stays_launcher_not_active_game

Protocol parity:
- `AppGameForegroundEvidenceRow` serializes with camelCase fields matching the
  TypeScript foreground contract.
- `contentKnowledgeState` remains `notClaimed`.
- `observationMode` is `foregroundWindow`.
- title refs are represented by `titleCaptureState = titleRef`; omitted and
  permission-limited title states remain explicit.
