> @ocentra-parent/workspace@0.1.1 build:contracts
> npm run build --workspace @ocentra-parent/schema-domain && npm run build --workspace @ocentra-parent/logging-domain && npm run build --workspace @ocentra-parent/parent-domain && npm run build --workspace @ocentra-parent/activity-domain && npm run build --workspace @ocentra-parent/agent-protocol-domain && npm run build --workspace @ocentra-parent/text-domain && npm run build --workspace @ocentra-parent/portal-domain


> @ocentra-parent/schema-domain@0.1.1 build
> tsc -p tsconfig.json && node ../../scripts/fix-esm-imports.mjs dist


> @ocentra-parent/logging-domain@0.1.1 build
> tsc -p tsconfig.json && node ../../scripts/fix-esm-imports.mjs dist


> @ocentra-parent/parent-domain@0.1.1 build
> tsc -p tsconfig.json && node ../../scripts/fix-esm-imports.mjs dist


> @ocentra-parent/activity-domain@0.1.1 build
> tsc -p tsconfig.json && node ../../scripts/fix-esm-imports.mjs dist


> @ocentra-parent/agent-protocol-domain@0.1.1 build
> tsc -p tsconfig.json && node ../../scripts/fix-esm-imports.mjs dist


> @ocentra-parent/text-domain@0.1.1 build
> tsc -p tsconfig.json && node ../../scripts/fix-esm-imports.mjs dist


> @ocentra-parent/portal-domain@0.1.1 build
> tsc -p tsconfig.json && node ../../scripts/fix-esm-imports.mjs dist


> @ocentra-parent/portal@0.1.1 test
> vitest run tests live-activity-network-flow


 RUN  v4.1.6 E:/OcentraParentWorktrees/E-D/OcentraParent/apps/portal


 Test Files  18 passed (18)
      Tests  74 passed (74)
   Start at  05:34:39
   Duration <duration>

[2m5:34:44 a.m.[22m [36m[1m[vite][22m[39m [90m[2m(client)[22m[39m Forced re-optimization of dependencies

  [32m[1mVITE[22m v7.3.3[39m  [2mready in [0m[1m863[22m[2m[0m ms[22m

  [32m➜[39m  [1mLocal[22m:   [36mhttp://127.0.0.1:[1m4490[22m/[39m

Running 1 test using 1 worker

  ok 1 [chromium] › e2e/network-evidence-drawer-proof.spec.ts:7:1 › network evidence drawer renders service-backed refs without unsupported claims (<duration>s)

  1 passed (<duration>s)
network-parent-ui-evidence-drawer-proof-ok
evidence=test-results/network-parent-ui-evidence-drawer-proof/proof.json
[2m5:34:39 a.m.[22m [33m[1m[vite][22m[39m [33mwarning: `esbuild` option was specified by "vite:react-babel" plugin. This option is deprecated, please use `oxc` instead.[39m
[2m5:34:39 a.m.[22m [33m[1m[vite][22m[39m [33mwarning: `optimizeDeps.esbuildOptions` option was specified by "vite:react-babel" plugin. This option is deprecated, please use `optimizeDeps.rolldownOptions` instead.[39m
[33mBoth esbuild and oxc options were set. oxc options will be used and esbuild options will be ignored.[39m The following esbuild options were set: `{ jsx: 'automatic', jsxImportSource: undefined }`
    Finished `dev` profile [unoptimized + debuginfo] target(s) in <duration>
[33mAssets in public directory cannot be imported from JavaScript.
If you intend to import that asset, put the file in the src directory, and use [36m/src/portal-background-config.json[33m instead of [36m/public/portal-background-config.json[33m.
If you intend to use the URL of that asset, use [36m/portal-background-config.json?url[33m.[39m
[BABEL] Note: The code generator has deoptimised the styling of E:/OcentraParentWorktrees/E-D/OcentraParent/vendor/ocentra-parent-core-ui/AppPages/ParentPortal/ParentPortalSvgSurface.tsx as it exceeds the max of 500KB.
