command=node scripts\test\eventing-network-protocol-contract-proof.mjs
status=0
log=output\eventing-plan-proof\full-eventing-plan\command-logs\eventing-network-protocol-contract-proof.log

command=node scripts\test\eventing-network-backpressure-proof.mjs
status=0
log=output\eventing-plan-proof\full-eventing-plan\command-logs\eventing-network-backpressure-proof.log

command=node scripts\test\eventing-network-delivery-decision-proof.mjs
status=0
log=output\eventing-plan-proof\full-eventing-plan\command-logs\eventing-network-delivery-decision-proof.log

command=node scripts\test\eventing-network-runtime-proof.mjs
status=0
log=output\eventing-plan-proof\full-eventing-plan\command-logs\eventing-network-runtime-proof.log

command=node scripts\test\eventing-network-service-event-chain-stream-proof.mjs
status=0
log=output\eventing-plan-proof\full-eventing-plan\command-logs\eventing-network-service-event-chain-stream-proof.log

command=node scripts\test\eventing-network-service-runtime-delivery-proof.mjs
status=0
log=output\eventing-plan-proof\full-eventing-plan\command-logs\eventing-network-service-runtime-delivery-proof.log

command=node scripts\test\eventing-network-ts-event-parity-proof.mjs
status=0
log=output\eventing-plan-proof\full-eventing-plan\command-logs\eventing-network-ts-event-parity-proof.log
