WP03 current-state and gap proof

Recorded as existing:
- Activity-domain app/game primitives, process observation, session/query/report,
  evidence claim, and AI classification digest contracts.
- Parent-domain app-control/game-control catalogs, enforcement policy dispatch,
  and app/game control authority/request/decision/action-result contracts.
- Rust app/game session protocol and agent-core app/game observation helpers
  that predate WP01.
- Scoped Windows owned-process time-limit proof.
- Portal live activity and policy-preview surfaces that can render existing
  service-backed evidence/policy states.

Recorded as missing:
- Rust parity for the WP01 evidence claim, AI digest, and authority schemas.
- Journal/SQLite ingest for the new WP01 shapes.
- Parent portal app/game dashboard rows for the new contracts.
- Product-complete identity, inventory, launcher/game disambiguation, game
  budgets, ratings, UGC, multiplayer, purchases, unknown approvals, and broad
  blocking proof.

Product checklist unchanged because this is gap documentation, not status
movement.
