command: node scripts/test/v0-8-windows-app-time-limit-adapter-mvp.mjs
date: 2026-06-03
result: PASS

core-tests:
- enforcement_app_time_limit_tests::app_time_limit_capability_reports_platform_status_without_claiming_other_adapters: ok
- enforcement_app_time_limit_tests::app_time_limit_target_validation_rejects_unowned_or_unsupported_targets: ok
- enforcement_app_time_limit_tests::app_time_limit_policy_handoff_creates_timer_state_without_immediate_adapter_execution: ok
- enforcement_app_time_limit_tests::app_time_limit_unavailable_expiry_reports_typed_unavailable_reason: ok
- enforcement_app_time_limit_tests::app_time_limit_expiry_cancel_and_restart_preserve_audit_identity: ok
- enforcement_app_time_limit_tests::app_time_limit_adapter_reports_real_platform_expiry_or_unavailable_result: ok

service-proof-summary:
- execute=created/no-op
- dryRun=would-enforce/dry-run-no-action
- stale=enforcement-active-timer-state-mismatch
- recover=restart-recovered
- cancel=cancelled
- expire=expired/process-terminated
- unavailable=enforcement-active-timer-state-required

generated-evidence:
- test-results/v0-8-windows-app-time-limit-adapter-mvp/2026-06-03T10-00-40-723Z.json
