Contract proof for app-game WP12 / app-plan WP11.

Changed contracts:
- packages/activity-domain/src/app-game-category-risk-primitives.ts
- packages/activity-domain/src/app-game-category-risk.ts
- packages/activity-domain/src/app-game.ts

Changed behavior-preserving lint refactor:
- packages/activity-domain/src/app-game-inventory.ts

Tests added:
- packages/activity-domain/tests/app-game-category-risk.test.ts

Focused validation already run:
- cmd /c npm run test --workspace @ocentra-parent/activity-domain -- app-game-category-risk.test.ts
  PASS: 1 file, 8 tests.
- cmd /c npm run test --workspace @ocentra-parent/activity-domain -- app-game-category-risk.test.ts app-game-inventory.test.ts
  PASS: 2 files, 14 tests.
- cmd /c npm run lint:exec --workspace @ocentra-parent/activity-domain
  PASS after reducing complexity in the new taxonomy source and existing app-game inventory source-reference predicate.
- cmd /c npm run lint:schema-boundaries
  PASS; source-shape guard passed with existing advisory warnings and one new focused test-file advisory warning below the hard limit.

Negative contract cases covered:
- category candidate without evidence rejects.
- confidence above 1 rejects.
- unknown VPN-like executable name remains a name-heuristic risk candidate.
- risk label cannot parse as a direct block/terminate enforcement decision.
- parent override cannot mutate raw identity.
- local AI category candidate requires an AI digest ref and cannot parse direct shield/block actions.
- duplicate candidate ids reject.
