Source shape warnings scoped to row10k source refs:
crates/agent-core/src/lib.rs:1 file has 353 lines; crossed 250-line advisory band; maximum is 1000
crates/agent-core/src/network_event_runtime.rs:1 file has 403 lines; crossed 250-line advisory band; maximum is 1000
crates/agent-core/src/network_event_runtime/remote_delivery_no_enforcement_invariant.rs:136 function has 68 lines; warning starts at 64 of 80
crates/agent-core/src/network_event_runtime/remote_delivery_transport_dispatch_state.rs:136 function has 69 lines; warning starts at 64 of 80
crates/agent-core/src/network_event_runtime/remote_delivery_transport_dispatch_state.rs:25 function has 78 lines; warning starts at 64 of 80
crates/agent-protocol/src/constants/network_flow.rs:1 file has 300 lines; crossed 250-line advisory band; maximum is 1000
crates/agent-protocol/src/network_flow.rs:1 file has 384 lines; crossed 250-line advisory band; maximum is 1000
crates/agent-protocol/src/network_flow_tests.rs:1 file has 18 functions; warning starts at 15 of 18
crates/agent-protocol/src/network_flow_tests.rs:1 file has 619 lines; crossed 500-line advisory band; maximum is 1000
crates/agent-protocol/src/network_flow_tests.rs:320 function has 75 lines; warning starts at 64 of 80
crates/agent-service/src/network_remote_delivery_status_payload.rs:1 file has 18 functions; warning starts at 15 of 18
crates/agent-service/src/network_remote_delivery_status_payload.rs:1 file has 436 lines; crossed 250-line advisory band; maximum is 1000
crates/agent-service/src/network_remote_delivery_status_payload.rs:245 function has 77 lines; warning starts at 64 of 80
crates/agent-service/src/network_remote_delivery_status_service_tests.rs:1 file has 15 functions; warning starts at 15 of 18
crates/agent-service/src/network_remote_delivery_status_service_tests.rs:1 file has 415 lines; crossed 250-line advisory band; maximum is 1000
packages/agent-protocol-domain/src/defaults.ts:1 file has 538 lines; crossed 500-line advisory band; maximum is 1000
packages/agent-protocol-domain/src/network-remote-delivery-status.ts:1 file has 326 lines; crossed 250-line advisory band; maximum is 1000
packages/agent-protocol-domain/tests/network-remote-delivery-status.test.ts:1 file has 290 lines; crossed 250-line advisory band; maximum is 1000
Source shape guard passed.
