# Security Negative Proof

Assertions covered by focused tests and row design:

- Inventory evidence is not displayed as app/game usage:
  app-use and games rows carry `inventoryState` and `inventoryRowCount`
  separately from runtime and foreground state.
- Running evidence is not displayed as foreground usage:
  rows carry `runtimeState` and `runningRowCount` separately from
  `foregroundState` and `foregroundRowCount`.
- Foreground evidence is not content knowledge:
  service rows carry foreground state/evidence refs, not raw title/content
  capture.
- Launcher evidence is not automatically a game session:
  games rows carry `launcherRowCount` separately and classification must remain
  launcher/candidate unless child-game proof exists in source rows.
- AI cannot enforce:
  this slice does not add AI classification or enforcement calls.
- Manual-required cannot execute:
  this slice does not call policy or adapter actions.
- Raw private paths do not leak:
  activity surface rows use display/process labels and evidence refs from the
  existing projection, not raw executable path fields.

Focused proof:

- `packages/activity-domain/tests/activity-surface.test.ts` proves separate app
  inventory/runtime/foreground states and game launcher/session counts.
- `crates/agent-protocol/src/activity_surface_tests.rs` proves typed app-use
  and games fields serialize through the service contract.
- `crates/agent-service/src/activity_surface_read_models.rs` maps row state
  from app-game projection rows without policy execution.
