# Contract Proof

Scope:

- No TypeScript domain contract shape changed in this slice.
- Existing app/game TypeScript contracts already define inventory, runtime,
  foreground, launcher, session, and daily rollup evidence rows.
- This workpack added Rust protocol constants for journal row kind,
  replay/custody labels, row JSON payload field, and classification-state
  projection.

Validation:

```text
cargo test -p ocentra-parent-agent-protocol app_game -- --nocapture
PASS: 10 tests.
```

No-claim contract posture:

- Inventory rows remain not-claimed for runtime and foreground state.
- Runtime rows cannot claim foreground state.
- Foreground rows require `contentKnowledgeState = notClaimed`.
- Launcher rows cannot become known-game rows without child-game proof.
- Journal projection constants are named in `crates/agent-protocol/src/app_game.rs`
  and covered by `app_game_journal_projection_constants_name_replay_custody`.
