Command:
cmd /c npm run --workspace @ocentra-parent/parent-domain test -- app-game-policy-target-compiler

Result:
PASS packages/parent-domain/tests/app-game-policy-target-compiler.test.ts
Test Files: 1 passed
Tests: 5 passed

Covered contract claims:
- Specific app/game targets require identity proof.
- Unknown app/game targets compile only from unknown-state proof.
- Block-launch without supported authority/capability proof compiles to
  manual-required instead of dispatch-ready output.
- Wrong-device, wrong-local-user, and stale evidence are rejected.
- Compiled policy output remains dry-run and carries evidence, rule, and
  capability refs.

Negative cases:
- Specific target with only category proof fails decode.
- Unknown target with identity proof but no unknown-state proof fails decode.
- Unproved block-launch claiming dry-run-ready fails decode.
- Wrong-device, wrong-local-user, and stale evidence compile requests fail
  decode.
- Compiled output without evidence or capability refs fails decode.
