command=node scripts\test\eventing-branded-fixture-parity-proof.mjs
status=0
log=output\eventing-plan-proof\reusable-eventing-runtime\command-logs\eventing-branded-fixture-parity-proof.log

command=node scripts\test\eventing-compatibility-matrix-proof.mjs
status=0
log=output\eventing-plan-proof\reusable-eventing-runtime\command-logs\eventing-compatibility-matrix-proof.log

command=node scripts\test\eventing-contract-registry-proof.mjs
status=0
log=output\eventing-plan-proof\reusable-eventing-runtime\command-logs\eventing-contract-registry-proof.log

command=node scripts\test\eventing-family-variant-proof.mjs
status=0
log=output\eventing-plan-proof\reusable-eventing-runtime\command-logs\eventing-family-variant-proof.log

command=node scripts\test\eventing-topology-manifest-proof.mjs
status=0
log=output\eventing-plan-proof\reusable-eventing-runtime\command-logs\eventing-topology-manifest-proof.log

command=node scripts\test\eventing-type-safety-source-gate-proof.mjs
status=0
log=output\eventing-plan-proof\reusable-eventing-runtime\command-logs\eventing-type-safety-source-gate-proof.log

command=cargo test -p ocentra-eventing
status=0
log=output\eventing-plan-proof\reusable-eventing-runtime\command-logs\ocentra-eventing-tests.log
